Archive member included to satisfy reference by file (symbol)

c:/program files (x86)/gnu tools arm embedded/5.4 2016q3/bin/../lib/gcc/arm-none-eabi/5.4.1/../../../../arm-none-eabi/lib/armv7-m\libg.a(lib_a-impure.o)
                              ..\obj\printf.o (_impure_ptr)
c:/program files (x86)/gnu tools arm embedded/5.4 2016q3/bin/../lib/gcc/arm-none-eabi/5.4.1/../../../../arm-none-eabi/lib/armv7-m\libg.a(lib_a-strlen-stub.o)
                              ..\obj\usart.o (strlen)

Discarded input sections

 .text          0x00000000        0x0 ..\obj\system_stm32f10x.o
 .data          0x00000000       0x14 ..\obj\system_stm32f10x.o
 .bss           0x00000000        0x0 ..\obj\system_stm32f10x.o
 .text.SystemCoreClockUpdate
                0x00000000       0xd8 ..\obj\system_stm32f10x.o
 .text          0x00000000        0x0 ..\obj\startup_stm32f10x_hd.o
 .data          0x00000000        0x0 ..\obj\startup_stm32f10x_hd.o
 .bss           0x00000000        0x0 ..\obj\startup_stm32f10x_hd.o
 .text          0x00000000        0x0 ..\obj\stm32f10x_gpio.o
 .data          0x00000000        0x0 ..\obj\stm32f10x_gpio.o
 .bss           0x00000000        0x0 ..\obj\stm32f10x_gpio.o
 .text.GPIO_DeInit
                0x00000000       0xe4 ..\obj\stm32f10x_gpio.o
 .text.GPIO_AFIODeInit
                0x00000000       0x18 ..\obj\stm32f10x_gpio.o
 .text.GPIO_StructInit
                0x00000000       0x28 ..\obj\stm32f10x_gpio.o
 .text.GPIO_ReadInputDataBit
                0x00000000       0x34 ..\obj\stm32f10x_gpio.o
 .text.GPIO_ReadInputData
                0x00000000       0x18 ..\obj\stm32f10x_gpio.o
 .text.GPIO_ReadOutputDataBit
                0x00000000       0x34 ..\obj\stm32f10x_gpio.o
 .text.GPIO_ReadOutputData
                0x00000000       0x18 ..\obj\stm32f10x_gpio.o
 .text.GPIO_SetBits
                0x00000000       0x1c ..\obj\stm32f10x_gpio.o
 .text.GPIO_ResetBits
                0x00000000       0x1c ..\obj\stm32f10x_gpio.o
 .text.GPIO_WriteBit
                0x00000000       0x30 ..\obj\stm32f10x_gpio.o
 .text.GPIO_Write
                0x00000000       0x1c ..\obj\stm32f10x_gpio.o
 .text.GPIO_PinLockConfig
                0x00000000       0x44 ..\obj\stm32f10x_gpio.o
 .text.GPIO_EventOutputConfig
                0x00000000       0x4c ..\obj\stm32f10x_gpio.o
 .text.GPIO_EventOutputCmd
                0x00000000       0x20 ..\obj\stm32f10x_gpio.o
 .text.GPIO_PinRemapConfig
                0x00000000       0xe0 ..\obj\stm32f10x_gpio.o
 .text.GPIO_EXTILineConfig
                0x00000000       0x84 ..\obj\stm32f10x_gpio.o
 .text.GPIO_ETH_MediaInterfaceConfig
                0x00000000       0x1c ..\obj\stm32f10x_gpio.o
 .text          0x00000000        0x0 ..\obj\main.o
 .data          0x00000000        0x0 ..\obj\main.o
 .bss           0x00000000        0x0 ..\obj\main.o
 .text          0x00000000        0x0 ..\obj\init.o
 .data          0x00000000        0x0 ..\obj\init.o
 .bss           0x00000000        0x0 ..\obj\init.o
 .text          0x00000000        0x0 ..\obj\playvoice.o
 .data          0x00000000        0x0 ..\obj\playvoice.o
 .bss           0x00000000        0x0 ..\obj\playvoice.o
 .rodata        0x00000000        0x9 ..\obj\playvoice.o
 .text.play_voice
                0x00000000       0x48 ..\obj\playvoice.o
 .debug_info    0x00000000      0x237 ..\obj\playvoice.o
 .debug_abbrev  0x00000000       0xf4 ..\obj\playvoice.o
 .debug_aranges
                0x00000000       0x20 ..\obj\playvoice.o
 .debug_ranges  0x00000000       0x10 ..\obj\playvoice.o
 .debug_line    0x00000000      0x185 ..\obj\playvoice.o
 .debug_str     0x00000000      0x242 ..\obj\playvoice.o
 .comment       0x00000000       0x6f ..\obj\playvoice.o
 .debug_frame   0x00000000       0x34 ..\obj\playvoice.o
 .ARM.attributes
                0x00000000       0x33 ..\obj\playvoice.o
 .text          0x00000000        0x0 ..\obj\printf.o
 .data          0x00000000      0x428 ..\obj\printf.o
 .bss           0x00000000        0x0 ..\obj\printf.o
 .text.snprintf
                0x00000000       0x30 ..\obj\printf.o
 .text.fprintf  0x00000000       0x2c ..\obj\printf.o
 .text.sprintf  0x00000000       0x2c ..\obj\printf.o
 .text.puts     0x00000000       0x24 ..\obj\printf.o
 .text          0x00000000        0x0 ..\obj\stm32f10x_rcc.o
 .bss           0x00000000        0x0 ..\obj\stm32f10x_rcc.o
 .text.RCC_DeInit
                0x00000000       0x5c ..\obj\stm32f10x_rcc.o
 .text.RCC_HSEConfig
                0x00000000       0x5c ..\obj\stm32f10x_rcc.o
 .text.RCC_WaitForHSEStartUp
                0x00000000       0x50 ..\obj\stm32f10x_rcc.o
 .text.RCC_AdjustHSICalibrationValue
                0x00000000       0x3c ..\obj\stm32f10x_rcc.o
 .text.RCC_HSICmd
                0x00000000       0x20 ..\obj\stm32f10x_rcc.o
 .text.RCC_PLLConfig
                0x00000000       0x3c ..\obj\stm32f10x_rcc.o
 .text.RCC_PLLCmd
                0x00000000       0x20 ..\obj\stm32f10x_rcc.o
 .text.RCC_SYSCLKConfig
                0x00000000       0x38 ..\obj\stm32f10x_rcc.o
 .text.RCC_GetSYSCLKSource
                0x00000000       0x1c ..\obj\stm32f10x_rcc.o
 .text.RCC_HCLKConfig
                0x00000000       0x38 ..\obj\stm32f10x_rcc.o
 .text.RCC_PCLK1Config
                0x00000000       0x38 ..\obj\stm32f10x_rcc.o
 .text.RCC_PCLK2Config
                0x00000000       0x38 ..\obj\stm32f10x_rcc.o
 .text.RCC_ITConfig
                0x00000000       0x4c ..\obj\stm32f10x_rcc.o
 .text.RCC_USBCLKConfig
                0x00000000       0x1c ..\obj\stm32f10x_rcc.o
 .text.RCC_ADCCLKConfig
                0x00000000       0x38 ..\obj\stm32f10x_rcc.o
 .text.RCC_LSEConfig
                0x00000000       0x40 ..\obj\stm32f10x_rcc.o
 .text.RCC_LSICmd
                0x00000000       0x20 ..\obj\stm32f10x_rcc.o
 .text.RCC_RTCCLKConfig
                0x00000000       0x24 ..\obj\stm32f10x_rcc.o
 .text.RCC_RTCCLKCmd
                0x00000000       0x20 ..\obj\stm32f10x_rcc.o
 .text.RCC_AHBPeriphClockCmd
                0x00000000       0x3c ..\obj\stm32f10x_rcc.o
 .text.RCC_APB2PeriphResetCmd
                0x00000000       0x3c ..\obj\stm32f10x_rcc.o
 .text.RCC_APB1PeriphResetCmd
                0x00000000       0x3c ..\obj\stm32f10x_rcc.o
 .text.RCC_BackupResetCmd
                0x00000000       0x20 ..\obj\stm32f10x_rcc.o
 .text.RCC_ClockSecuritySystemCmd
                0x00000000       0x20 ..\obj\stm32f10x_rcc.o
 .text.RCC_MCOConfig
                0x00000000       0x20 ..\obj\stm32f10x_rcc.o
 .text.RCC_GetFlagStatus
                0x00000000       0x74 ..\obj\stm32f10x_rcc.o
 .text.RCC_ClearFlag
                0x00000000       0x1c ..\obj\stm32f10x_rcc.o
 .text.RCC_GetITStatus
                0x00000000       0x34 ..\obj\stm32f10x_rcc.o
 .text.RCC_ClearITPendingBit
                0x00000000       0x20 ..\obj\stm32f10x_rcc.o
 .text          0x00000000        0x0 ..\obj\StreamParser.o
 .data          0x00000000        0x0 ..\obj\StreamParser.o
 .bss           0x00000000        0x0 ..\obj\StreamParser.o
 .text.Data_Receive_judge
                0x00000000       0x9c ..\obj\StreamParser.o
 .text          0x00000000        0x0 ..\obj\stm32f10x_usart.o
 .data          0x00000000        0x0 ..\obj\stm32f10x_usart.o
 .bss           0x00000000        0x0 ..\obj\stm32f10x_usart.o
 .text.USART_DeInit
                0x00000000       0xb8 ..\obj\stm32f10x_usart.o
 .text.USART_StructInit
                0x00000000       0x38 ..\obj\stm32f10x_usart.o
 .text.USART_ClockInit
                0x00000000       0x58 ..\obj\stm32f10x_usart.o
 .text.USART_ClockStructInit
                0x00000000       0x2c ..\obj\stm32f10x_usart.o
 .text.USART_DMACmd
                0x00000000       0x48 ..\obj\stm32f10x_usart.o
 .text.USART_SetAddress
                0x00000000       0x38 ..\obj\stm32f10x_usart.o
 .text.USART_WakeUpConfig
                0x00000000       0x38 ..\obj\stm32f10x_usart.o
 .text.USART_ReceiverWakeUpCmd
                0x00000000       0x40 ..\obj\stm32f10x_usart.o
 .text.USART_LINBreakDetectLengthConfig
                0x00000000       0x38 ..\obj\stm32f10x_usart.o
 .text.USART_LINCmd
                0x00000000       0x40 ..\obj\stm32f10x_usart.o
 .text.USART_SendBreak
                0x00000000       0x24 ..\obj\stm32f10x_usart.o
 .text.USART_SetGuardTime
                0x00000000       0x3c ..\obj\stm32f10x_usart.o
 .text.USART_SetPrescaler
                0x00000000       0x38 ..\obj\stm32f10x_usart.o
 .text.USART_SmartCardCmd
                0x00000000       0x40 ..\obj\stm32f10x_usart.o
 .text.USART_SmartCardNACKCmd
                0x00000000       0x40 ..\obj\stm32f10x_usart.o
 .text.USART_HalfDuplexCmd
                0x00000000       0x40 ..\obj\stm32f10x_usart.o
 .text.USART_OverSampling8Cmd
                0x00000000       0x44 ..\obj\stm32f10x_usart.o
 .text.USART_OneBitMethodCmd
                0x00000000       0x40 ..\obj\stm32f10x_usart.o
 .text.USART_IrDAConfig
                0x00000000       0x38 ..\obj\stm32f10x_usart.o
 .text.USART_IrDACmd
                0x00000000       0x40 ..\obj\stm32f10x_usart.o
 .text.USART_ClearITPendingBit
                0x00000000       0x38 ..\obj\stm32f10x_usart.o
 .text          0x00000000        0x0 ..\obj\datalink.o
 .data          0x00000000        0x0 ..\obj\datalink.o
 .text.get_attention1
                0x00000000       0x18 ..\obj\datalink.o
 .text.get_attention2
                0x00000000       0x18 ..\obj\datalink.o
 .text.get_meditation1
                0x00000000       0x18 ..\obj\datalink.o
 .text.get_meditation2
                0x00000000       0x18 ..\obj\datalink.o
 .text          0x00000000        0x0 ..\obj\nvic.o
 .data          0x00000000        0x0 ..\obj\nvic.o
 .bss           0x00000000        0x0 ..\obj\nvic.o
 .text.initialise_nvic_group
                0x00000000       0x10 ..\obj\nvic.o
 .debug_info    0x00000000       0xbd ..\obj\nvic.o
 .debug_abbrev  0x00000000       0x65 ..\obj\nvic.o
 .debug_aranges
                0x00000000       0x20 ..\obj\nvic.o
 .debug_ranges  0x00000000       0x10 ..\obj\nvic.o
 .debug_line    0x00000000      0x13c ..\obj\nvic.o
 .debug_str     0x00000000      0x16f ..\obj\nvic.o
 .comment       0x00000000       0x6f ..\obj\nvic.o
 .debug_frame   0x00000000       0x2c ..\obj\nvic.o
 .ARM.attributes
                0x00000000       0x33 ..\obj\nvic.o
 .text          0x00000000        0x0 ..\obj\misc.o
 .data          0x00000000        0x0 ..\obj\misc.o
 .bss           0x00000000        0x0 ..\obj\misc.o
 .text.NVIC_SetVectorTable
                0x00000000       0x2c ..\obj\misc.o
 .text.NVIC_SystemLPConfig
                0x00000000       0x40 ..\obj\misc.o
 .text.SysTick_CLKSourceConfig
                0x00000000       0x38 ..\obj\misc.o
 .text          0x00000000        0x0 ..\obj\usart.o
 .data          0x00000000        0x0 ..\obj\usart.o
 .bss           0x00000000        0x0 ..\obj\usart.o
 .text.usart_send_string
                0x00000000       0x40 ..\obj\usart.o
 .text.usart_send_array
                0x00000000       0x40 ..\obj\usart.o
 .text          0x00000000        0x0 c:/program files (x86)/gnu tools arm embedded/5.4 2016q3/bin/../lib/gcc/arm-none-eabi/5.4.1/../../../../arm-none-eabi/lib/armv7-m\libg.a(lib_a-impure.o)
 .data          0x00000000        0x0 c:/program files (x86)/gnu tools arm embedded/5.4 2016q3/bin/../lib/gcc/arm-none-eabi/5.4.1/../../../../arm-none-eabi/lib/armv7-m\libg.a(lib_a-impure.o)
 .bss           0x00000000        0x0 c:/program files (x86)/gnu tools arm embedded/5.4 2016q3/bin/../lib/gcc/arm-none-eabi/5.4.1/../../../../arm-none-eabi/lib/armv7-m\libg.a(lib_a-impure.o)
 .rodata._global_impure_ptr
                0x00000000        0x4 c:/program files (x86)/gnu tools arm embedded/5.4 2016q3/bin/../lib/gcc/arm-none-eabi/5.4.1/../../../../arm-none-eabi/lib/armv7-m\libg.a(lib_a-impure.o)
 .text          0x00000000        0x0 c:/program files (x86)/gnu tools arm embedded/5.4 2016q3/bin/../lib/gcc/arm-none-eabi/5.4.1/../../../../arm-none-eabi/lib/armv7-m\libg.a(lib_a-strlen-stub.o)
 .data          0x00000000        0x0 c:/program files (x86)/gnu tools arm embedded/5.4 2016q3/bin/../lib/gcc/arm-none-eabi/5.4.1/../../../../arm-none-eabi/lib/armv7-m\libg.a(lib_a-strlen-stub.o)
 .bss           0x00000000        0x0 c:/program files (x86)/gnu tools arm embedded/5.4 2016q3/bin/../lib/gcc/arm-none-eabi/5.4.1/../../../../arm-none-eabi/lib/armv7-m\libg.a(lib_a-strlen-stub.o)
 .text.strlen   0x00000000       0x5c c:/program files (x86)/gnu tools arm embedded/5.4 2016q3/bin/../lib/gcc/arm-none-eabi/5.4.1/../../../../arm-none-eabi/lib/armv7-m\libg.a(lib_a-strlen-stub.o)
 .debug_frame   0x00000000       0x20 c:/program files (x86)/gnu tools arm embedded/5.4 2016q3/bin/../lib/gcc/arm-none-eabi/5.4.1/../../../../arm-none-eabi/lib/armv7-m\libg.a(lib_a-strlen-stub.o)
 .ARM.attributes
                0x00000000       0x2d c:/program files (x86)/gnu tools arm embedded/5.4 2016q3/bin/../lib/gcc/arm-none-eabi/5.4.1/../../../../arm-none-eabi/lib/armv7-m\libg.a(lib_a-strlen-stub.o)

Memory Configuration

Name             Origin             Length             Attributes
rom              0x08000000         0x00040000         xr
ram              0x20000000         0x0000c000         xrw
*default*        0x00000000         0xffffffff

Linker script and memory map

                0x2000c000                _eram = 0x2000c000

.text           0x08000000     0x18c5
 *(.isr_vector)
 .isr_vector    0x08000000      0x134 ..\obj\startup_stm32f10x_hd.o
                0x08000000                g_pfnVectors
 *(.text*)
 .text.SystemInit
                0x08000134       0x68 ..\obj\system_stm32f10x.o
                0x08000134                SystemInit
 .text.SetSysClock
                0x0800019c        0xc ..\obj\system_stm32f10x.o
 .text.SetSysClockTo72
                0x080001a8      0x100 ..\obj\system_stm32f10x.o
 .text.Default_Reset_Handler
                0x080002a8       0x60 ..\obj\startup_stm32f10x_hd.o
                0x080002a8                Default_Reset_Handler
                0x080002a8                Reset_Handler
 .text.Default_Handler
                0x08000308        0x8 ..\obj\startup_stm32f10x_hd.o
                0x08000308                EXTI2_IRQHandler
                0x08000308                TIM8_TRG_COM_IRQHandler
                0x08000308                TIM8_CC_IRQHandler
                0x08000308                DebugMon_Handler
                0x08000308                TIM1_CC_IRQHandler
                0x08000308                HardFault_Handler
                0x08000308                TIM6_IRQHandler
                0x08000308                SysTick_Handler
                0x08000308                PVD_IRQHandler
                0x08000308                SDIO_IRQHandler
                0x08000308                PendSV_Handler
                0x08000308                NMI_Handler
                0x08000308                EXTI3_IRQHandler
                0x08000308                EXTI0_IRQHandler
                0x08000308                I2C2_EV_IRQHandler
                0x08000308                UsageFault_Handler
                0x08000308                ADC1_2_IRQHandler
                0x08000308                SPI1_IRQHandler
                0x08000308                TAMPER_IRQHandler
                0x08000308                TIM8_UP_IRQHandler
                0x08000308                DMA2_Channel2_IRQHandler
                0x08000308                DMA1_Channel4_IRQHandler
                0x08000308                RTC_IRQHandler
                0x08000308                DMA1_Channel7_IRQHandler
                0x08000308                CAN1_RX1_IRQHandler
                0x08000308                UART5_IRQHandler
                0x08000308                ADC3_IRQHandler
                0x08000308                TIM4_IRQHandler
                0x08000308                DMA2_Channel1_IRQHandler
                0x08000308                I2C1_EV_IRQHandler
                0x08000308                DMA1_Channel6_IRQHandler
                0x08000308                TIM3_IRQHandler
                0x08000308                RCC_IRQHandler
                0x08000308                TIM1_TRG_COM_IRQHandler
                0x08000308                DMA1_Channel1_IRQHandler
                0x08000308                EXTI15_10_IRQHandler
                0x08000308                TIM7_IRQHandler
                0x08000308                TIM5_IRQHandler
                0x08000308                EXTI9_5_IRQHandler
                0x08000308                SPI2_IRQHandler
                0x08000308                MemManage_Handler
                0x08000308                SVC_Handler
                0x08000308                DMA1_Channel5_IRQHandler
                0x08000308                EXTI4_IRQHandler
                0x08000308                USB_LP_CAN1_RX0_IRQHandler
                0x08000308                USB_HP_CAN1_TX_IRQHandler
                0x08000308                DMA1_Channel3_IRQHandler
                0x08000308                FSMC_IRQHandler
                0x08000308                TIM1_UP_IRQHandler
                0x08000308                WWDG_IRQHandler
                0x08000308                TIM2_IRQHandler
                0x08000308                TIM1_BRK_IRQHandler
                0x08000308                EXTI1_IRQHandler
                0x08000308                RTCAlarm_IRQHandler
                0x08000308                DMA2_Channel4_5_IRQHandler
                0x08000308                I2C2_ER_IRQHandler
                0x08000308                DMA1_Channel2_IRQHandler
                0x08000308                TIM8_BRK_IRQHandler
                0x08000308                CAN1_SCE_IRQHandler
                0x08000308                FLASH_IRQHandler
                0x08000308                BusFault_Handler
                0x08000308                USART1_IRQHandler
                0x08000308                SPI3_IRQHandler
                0x08000308                I2C1_ER_IRQHandler
                0x08000308                USBWakeUp_IRQHandler
                0x08000308                DMA2_Channel3_IRQHandler
 .text.GPIO_Init
                0x08000310      0x178 ..\obj\stm32f10x_gpio.o
                0x08000310                GPIO_Init
 .text.main     0x08000488        0xc ..\obj\main.o
                0x08000488                main
 .text.initialise_board
                0x08000494       0x34 ..\obj\init.o
                0x08000494                initialise_board
 .text.PrintChar
                0x080004c8       0x20 ..\obj\printf.o
                0x080004c8                PrintChar
 .text.PutChar  0x080004e8       0x20 ..\obj\printf.o
                0x080004e8                PutChar
 .text.PutString
                0x08000508       0x3c ..\obj\printf.o
                0x08000508                PutString
 .text.PutUnsignedInt
                0x08000544       0x9c ..\obj\printf.o
                0x08000544                PutUnsignedInt
 .text.PutSignedInt
                0x080005e0       0xf8 ..\obj\printf.o
                0x080005e0                PutSignedInt
 .text.PutHexa  0x080006d8       0xd4 ..\obj\printf.o
                0x080006d8                PutHexa
 .text.vsnprintf
                0x080007ac      0x254 ..\obj\printf.o
                0x080007ac                vsnprintf
 .text.vsprintf
                0x08000a00       0x24 ..\obj\printf.o
                0x08000a00                vsprintf
 .text.vfprintf
                0x08000a24       0x68 ..\obj\printf.o
                0x08000a24                vfprintf
 .text.vprintf  0x08000a8c       0x28 ..\obj\printf.o
                0x08000a8c                vprintf
 .text.printf   0x08000ab4       0x28 ..\obj\printf.o
                0x08000ab4                printf
 .text.fputc    0x08000adc       0x40 ..\obj\printf.o
                0x08000adc                fputc
 .text.fputs    0x08000b1c       0x48 ..\obj\printf.o
                0x08000b1c                fputs
 .text.RCC_GetClocksFreq
                0x08000b64      0x160 ..\obj\stm32f10x_rcc.o
                0x08000b64                RCC_GetClocksFreq
 .text.RCC_APB2PeriphClockCmd
                0x08000cc4       0x3c ..\obj\stm32f10x_rcc.o
                0x08000cc4                RCC_APB2PeriphClockCmd
 .text.RCC_APB1PeriphClockCmd
                0x08000d00       0x3c ..\obj\stm32f10x_rcc.o
                0x08000d00                RCC_APB1PeriphClockCmd
 .text.THINKGEAR_initParser
                0x08000d3c       0x40 ..\obj\StreamParser.o
                0x08000d3c                THINKGEAR_initParser
 .text.THINKGEAR_parseByte
                0x08000d7c      0x144 ..\obj\StreamParser.o
                0x08000d7c                THINKGEAR_parseByte
 .text.parsePacketPayload
                0x08000ec0      0x138 ..\obj\StreamParser.o
                0x08000ec0                parsePacketPayload
 .text.USART_Init
                0x08000ff8      0x174 ..\obj\stm32f10x_usart.o
                0x08000ff8                USART_Init
 .text.USART_Cmd
                0x0800116c       0x40 ..\obj\stm32f10x_usart.o
                0x0800116c                USART_Cmd
 .text.USART_ITConfig
                0x080011ac       0x90 ..\obj\stm32f10x_usart.o
                0x080011ac                USART_ITConfig
 .text.USART_SendData
                0x0800123c       0x24 ..\obj\stm32f10x_usart.o
                0x0800123c                USART_SendData
 .text.USART_ReceiveData
                0x08001260       0x20 ..\obj\stm32f10x_usart.o
                0x08001260                USART_ReceiveData
 .text.USART_GetFlagStatus
                0x08001280       0x38 ..\obj\stm32f10x_usart.o
                0x08001280                USART_GetFlagStatus
 .text.USART_ClearFlag
                0x080012b8       0x20 ..\obj\stm32f10x_usart.o
                0x080012b8                USART_ClearFlag
 .text.USART_GetITStatus
                0x080012d8       0xb4 ..\obj\stm32f10x_usart.o
                0x080012d8                USART_GetITStatus
 .text.initialise_think_data
                0x0800138c       0x20 ..\obj\datalink.o
                0x0800138c                initialise_think_data
 .text.USART2_IRQHandler
                0x080013ac       0x3c ..\obj\datalink.o
                0x080013ac                USART2_IRQHandler
 .text.USART3_IRQHandler
                0x080013e8       0x3c ..\obj\datalink.o
                0x080013e8                USART3_IRQHandler
 .text.UART4_IRQHandler
                0x08001424       0x2c ..\obj\datalink.o
                0x08001424                UART4_IRQHandler
 .text.NVIC_PriorityGroupConfig
                0x08001450       0x24 ..\obj\misc.o
                0x08001450                NVIC_PriorityGroupConfig
 .text.NVIC_Init
                0x08001474       0xc4 ..\obj\misc.o
                0x08001474                NVIC_Init
 .text.initialise_usart2_nvic
                0x08001538       0x30 ..\obj\usart.o
 .text.initialise_usart3_nvic
                0x08001568       0x30 ..\obj\usart.o
 .text.initialise_uart4_nvic
                0x08001598       0x30 ..\obj\usart.o
 .text.initialise_usart1
                0x080015c8       0x88 ..\obj\usart.o
                0x080015c8                initialise_usart1
 .text.initialise_usart2
                0x08001650       0x9c ..\obj\usart.o
                0x08001650                initialise_usart2
 .text.initialise_usart3
                0x080016ec       0xa0 ..\obj\usart.o
                0x080016ec                initialise_usart3
 .text.initialise_uart4
                0x0800178c       0xa0 ..\obj\usart.o
                0x0800178c                initialise_uart4
 .text.usart_send_byte
                0x0800182c       0x30 ..\obj\usart.o
                0x0800182c                usart_send_byte
 *(.init)
 *(.fini)
 *crtbegin.o(.ctors)
 *crtbegin?.o(.ctors)
 *(EXCLUDE_FILE(*crtend.o *crtend?.o) .ctors)
 *(SORT(.ctors.*))
 *(.ctors)
 *crtbegin.o(.dtors)
 *crtbegin?.o(.dtors)
 *(EXCLUDE_FILE(*crtend.o *crtend?.o) .dtors)
 *(SORT(.dtors.*))
 *(.dtors)
 *(.rodata*)
 .rodata        0x0800185c       0x24 ..\obj\printf.o
 .rodata        0x08001880       0x45 ..\obj\StreamParser.o
 *(.eh_fram e*)

.glue_7         0x080018c8        0x0
 .glue_7        0x080018c8        0x0 linker stubs

.glue_7t        0x080018c8        0x0
 .glue_7t       0x080018c8        0x0 linker stubs

.vfp11_veneer   0x080018c8        0x0
 .vfp11_veneer  0x080018c8        0x0 linker stubs

.v4_bx          0x080018c8        0x0
 .v4_bx         0x080018c8        0x0 linker stubs

.iplt           0x080018c8        0x0
 .iplt          0x080018c8        0x0 ..\obj\system_stm32f10x.o

.rel.dyn        0x080018c8        0x0
 .rel.iplt      0x080018c8        0x0 ..\obj\system_stm32f10x.o

.ARM.extab
 *(.ARM.extab* .gnu.linkonce.armextab.*)
                0x080018c8                __exidx_start = .

.ARM.exidx
 *(.ARM.exidx* .gnu.linkonce.armexidx.*)
                0x080018c8                __exidx_end = .
                0x080018c8                __etext = .
                0x080018c5                _sidata = __etext

.data           0x20000000      0x444 load address 0x080018c5
                0x20000000                __data_start__ = .
                0x20000000                _sdata = __data_start__
 *(vtable)
 *(.data*)
 .data          0x20000000       0x14 ..\obj\stm32f10x_rcc.o
 *fill*         0x20000014        0x4 
 .data.impure_data
                0x20000018      0x428 c:/program files (x86)/gnu tools arm embedded/5.4 2016q3/bin/../lib/gcc/arm-none-eabi/5.4.1/../../../../arm-none-eabi/lib/armv7-m\libg.a(lib_a-impure.o)
 .data._impure_ptr
                0x20000440        0x4 c:/program files (x86)/gnu tools arm embedded/5.4 2016q3/bin/../lib/gcc/arm-none-eabi/5.4.1/../../../../arm-none-eabi/lib/armv7-m\libg.a(lib_a-impure.o)
                0x20000440                _impure_ptr
                0x20000444                . = ALIGN (0x4)
                [!provide]                PROVIDE (__preinit_array_start, .)
 *(.preinit_array)
                [!provide]                PROVIDE (__preinit_array_end, .)
                0x20000444                . = ALIGN (0x4)
                [!provide]                PROVIDE (__init_array_start, .)
 *(SORT(.init_array.*))
 *(.init_array)
                [!provide]                PROVIDE (__init_array_end, .)
                0x20000444                . = ALIGN (0x4)
                [!provide]                PROVIDE (__fini_array_start, .)
 *(SORT(.fini_array.*))
 *(.fini_array)
                [!provide]                PROVIDE (__fini_array_end, .)
 *(.jcr*)
                0x20000444                . = ALIGN (0x4)
                0x20000444                __data_end__ = .
                0x20000444                _edata = __data_end__

.igot.plt       0x20000444        0x0 load address 0x08001d0c
 .igot.plt      0x20000444        0x0 ..\obj\system_stm32f10x.o

.bss            0x20000444       0xe0 load address 0x08001d0c
                0x20000444                . = ALIGN (0x4)
                0x20000444                __bss_start__ = .
                0x20000444                _sbss = __bss_start__
 *(.bss*)
 .bss           0x20000444       0xdf ..\obj\datalink.o
 *(COMMON)
                0x20000524                . = ALIGN (0x4)
 *fill*         0x20000523        0x1 
                0x20000524                __bss_end__ = .
                0x20000524                _ebss = __bss_end__

.heap           0x20000524        0x0
                0x20000524                __end__ = .
                0x20000524                _end = __end__
                0x20000524                end = __end__
 *(.heap*)
                0x20000524                __HeapLimit = .

.co_stack       0x20000524      0x404 load address 0x08001dec
                0x20000528                . = ALIGN (0x8)
 *fill*         0x20000524        0x4 
 *(.co_stack .co_stack.*)
 .co_stack      0x20000528      0x400 ..\obj\startup_stm32f10x_hd.o
                0x20000528                pulStack
                0x2000c000                __StackTop = (ORIGIN (ram) + LENGTH (ram))
                0x2000bbfc                __StackLimit = (__StackTop - SIZEOF (.co_stack))
                [!provide]                PROVIDE (__stack, __StackTop)
                0x00000001                ASSERT ((__StackLimit >= __HeapLimit), region ram  overflowed with stack)
LOAD ..\obj\system_stm32f10x.o
LOAD ..\obj\startup_stm32f10x_hd.o
LOAD ..\obj\stm32f10x_gpio.o
LOAD ..\obj\main.o
LOAD ..\obj\init.o
LOAD ..\obj\playvoice.o
LOAD ..\obj\printf.o
LOAD ..\obj\stm32f10x_rcc.o
LOAD ..\obj\StreamParser.o
LOAD ..\obj\stm32f10x_usart.o
LOAD ..\obj\datalink.o
LOAD ..\obj\nvic.o
LOAD ..\obj\misc.o
LOAD ..\obj\usart.o
START GROUP
LOAD c:/program files (x86)/gnu tools arm embedded/5.4 2016q3/bin/../lib/gcc/arm-none-eabi/5.4.1/armv7-m\libgcc.a
LOAD c:/program files (x86)/gnu tools arm embedded/5.4 2016q3/bin/../lib/gcc/arm-none-eabi/5.4.1/../../../../arm-none-eabi/lib/armv7-m\libg.a
LOAD c:/program files (x86)/gnu tools arm embedded/5.4 2016q3/bin/../lib/gcc/arm-none-eabi/5.4.1/../../../../arm-none-eabi/lib/armv7-m\libc.a
END GROUP
OUTPUT(ht.elf elf32-littlearm)

.debug_info     0x00000000     0x438d
 .debug_info    0x00000000      0x49c ..\obj\system_stm32f10x.o
 .debug_info    0x0000049c       0xee ..\obj\startup_stm32f10x_hd.o
 .debug_info    0x0000058a      0x6f6 ..\obj\stm32f10x_gpio.o
 .debug_info    0x00000c80       0xab ..\obj\main.o
 .debug_info    0x00000d2b       0xbd ..\obj\init.o
 .debug_info    0x00000de8      0xf66 ..\obj\printf.o
 .debug_info    0x00001d4e      0x8a3 ..\obj\stm32f10x_rcc.o
 .debug_info    0x000025f1      0x313 ..\obj\StreamParser.o
 .debug_info    0x00002904      0x9f0 ..\obj\stm32f10x_usart.o
 .debug_info    0x000032f4      0x390 ..\obj\datalink.o
 .debug_info    0x00003684      0x556 ..\obj\misc.o
 .debug_info    0x00003bda      0x7b3 ..\obj\usart.o

.debug_abbrev   0x00000000      0xf58
 .debug_abbrev  0x00000000      0x14e ..\obj\system_stm32f10x.o
 .debug_abbrev  0x0000014e       0xa7 ..\obj\startup_stm32f10x_hd.o
 .debug_abbrev  0x000001f5      0x1cc ..\obj\stm32f10x_gpio.o
 .debug_abbrev  0x000003c1       0x67 ..\obj\main.o
 .debug_abbrev  0x00000428       0x63 ..\obj\init.o
 .debug_abbrev  0x0000048b      0x29d ..\obj\printf.o
 .debug_abbrev  0x00000728      0x1bc ..\obj\stm32f10x_rcc.o
 .debug_abbrev  0x000008e4      0x11a ..\obj\StreamParser.o
 .debug_abbrev  0x000009fe      0x164 ..\obj\stm32f10x_usart.o
 .debug_abbrev  0x00000b62      0x14d ..\obj\datalink.o
 .debug_abbrev  0x00000caf      0x147 ..\obj\misc.o
 .debug_abbrev  0x00000df6      0x162 ..\obj\usart.o

.debug_aranges  0x00000000      0x538
 .debug_aranges
                0x00000000       0x38 ..\obj\system_stm32f10x.o
 .debug_aranges
                0x00000038       0x28 ..\obj\startup_stm32f10x_hd.o
 .debug_aranges
                0x00000060       0xa8 ..\obj\stm32f10x_gpio.o
 .debug_aranges
                0x00000108       0x20 ..\obj\main.o
 .debug_aranges
                0x00000128       0x20 ..\obj\init.o
 .debug_aranges
                0x00000148       0xa0 ..\obj\printf.o
 .debug_aranges
                0x000001e8      0x118 ..\obj\stm32f10x_rcc.o
 .debug_aranges
                0x00000300       0x38 ..\obj\StreamParser.o
 .debug_aranges
                0x00000338      0x100 ..\obj\stm32f10x_usart.o
 .debug_aranges
                0x00000438       0x58 ..\obj\datalink.o
 .debug_aranges
                0x00000490       0x40 ..\obj\misc.o
 .debug_aranges
                0x000004d0       0x68 ..\obj\usart.o

.debug_ranges   0x00000000      0x478
 .debug_ranges  0x00000000       0x28 ..\obj\system_stm32f10x.o
 .debug_ranges  0x00000028       0x18 ..\obj\startup_stm32f10x_hd.o
 .debug_ranges  0x00000040       0x98 ..\obj\stm32f10x_gpio.o
 .debug_ranges  0x000000d8       0x10 ..\obj\main.o
 .debug_ranges  0x000000e8       0x10 ..\obj\init.o
 .debug_ranges  0x000000f8       0x90 ..\obj\printf.o
 .debug_ranges  0x00000188      0x108 ..\obj\stm32f10x_rcc.o
 .debug_ranges  0x00000290       0x28 ..\obj\StreamParser.o
 .debug_ranges  0x000002b8       0xf0 ..\obj\stm32f10x_usart.o
 .debug_ranges  0x000003a8       0x48 ..\obj\datalink.o
 .debug_ranges  0x000003f0       0x30 ..\obj\misc.o
 .debug_ranges  0x00000420       0x58 ..\obj\usart.o

.debug_line     0x00000000     0x1ec1
 .debug_line    0x00000000      0x1fc ..\obj\system_stm32f10x.o
 .debug_line    0x000001fc       0x8e ..\obj\startup_stm32f10x_hd.o
 .debug_line    0x0000028a      0x384 ..\obj\stm32f10x_gpio.o
 .debug_line    0x0000060e      0x13b ..\obj\main.o
 .debug_line    0x00000749      0x141 ..\obj\init.o
 .debug_line    0x0000088a      0x428 ..\obj\printf.o
 .debug_line    0x00000cb2      0x47f ..\obj\stm32f10x_rcc.o
 .debug_line    0x00001131      0x23a ..\obj\StreamParser.o
 .debug_line    0x0000136b      0x466 ..\obj\stm32f10x_usart.o
 .debug_line    0x000017d1      0x21d ..\obj\datalink.o
 .debug_line    0x000019ee      0x1f7 ..\obj\misc.o
 .debug_line    0x00001be5      0x2dc ..\obj\usart.o

.debug_str      0x00000000     0x1cd5
 .debug_str     0x00000000      0x274 ..\obj\system_stm32f10x.o
                                0x2e3 (size before relaxing)
 .debug_str     0x00000274       0x9c ..\obj\startup_stm32f10x_hd.o
                                0x133 (size before relaxing)
 .debug_str     0x00000310      0x3a1 ..\obj\stm32f10x_gpio.o
                                0x50d (size before relaxing)
 .debug_str     0x000006b1       0x1d ..\obj\main.o
                                0x145 (size before relaxing)
 .debug_str     0x000006ce       0x2e ..\obj\init.o
                                0x16a (size before relaxing)
 .debug_str     0x000006fc      0x52e ..\obj\printf.o
                                0x6e4 (size before relaxing)
 .debug_str     0x00000c2a      0x3d4 ..\obj\stm32f10x_rcc.o
                                0x60e (size before relaxing)
 .debug_str     0x00000ffe      0x190 ..\obj\StreamParser.o
                                0x31f (size before relaxing)
 .debug_str     0x0000118e      0x401 ..\obj\stm32f10x_usart.o
                                0x684 (size before relaxing)
 .debug_str     0x0000158f       0xbe ..\obj\datalink.o
                                0x332 (size before relaxing)
 .debug_str     0x0000164d      0x1b6 ..\obj\misc.o
                                0x3b2 (size before relaxing)
 .debug_str     0x00001803      0x4d2 ..\obj\usart.o
                                0x900 (size before relaxing)

.comment        0x00000000       0x6e
 .comment       0x00000000       0x6e ..\obj\system_stm32f10x.o
                                 0x6f (size before relaxing)
 .comment       0x0000006e       0x6f ..\obj\startup_stm32f10x_hd.o
 .comment       0x0000006e       0x6f ..\obj\stm32f10x_gpio.o
 .comment       0x0000006e       0x6f ..\obj\main.o
 .comment       0x0000006e       0x6f ..\obj\init.o
 .comment       0x0000006e       0x6f ..\obj\printf.o
 .comment       0x0000006e       0x6f ..\obj\stm32f10x_rcc.o
 .comment       0x0000006e       0x6f ..\obj\StreamParser.o
 .comment       0x0000006e       0x6f ..\obj\stm32f10x_usart.o
 .comment       0x0000006e       0x6f ..\obj\datalink.o
 .comment       0x0000006e       0x6f ..\obj\misc.o
 .comment       0x0000006e       0x6f ..\obj\usart.o

.ARM.attributes
                0x00000000       0x33
 .ARM.attributes
                0x00000000       0x33 ..\obj\system_stm32f10x.o
 .ARM.attributes
                0x00000033       0x33 ..\obj\startup_stm32f10x_hd.o
 .ARM.attributes
                0x00000066       0x33 ..\obj\stm32f10x_gpio.o
 .ARM.attributes
                0x00000099       0x33 ..\obj\main.o
 .ARM.attributes
                0x000000cc       0x33 ..\obj\init.o
 .ARM.attributes
                0x000000ff       0x33 ..\obj\printf.o
 .ARM.attributes
                0x00000132       0x33 ..\obj\stm32f10x_rcc.o
 .ARM.attributes
                0x00000165       0x33 ..\obj\StreamParser.o
 .ARM.attributes
                0x00000198       0x33 ..\obj\stm32f10x_usart.o
 .ARM.attributes
                0x000001cb       0x33 ..\obj\datalink.o
 .ARM.attributes
                0x000001fe       0x33 ..\obj\misc.o
 .ARM.attributes
                0x00000231       0x33 ..\obj\usart.o
 .ARM.attributes
                0x00000264       0x2d c:/program files (x86)/gnu tools arm embedded/5.4 2016q3/bin/../lib/gcc/arm-none-eabi/5.4.1/../../../../arm-none-eabi/lib/armv7-m\libg.a(lib_a-impure.o)

.debug_frame    0x00000000     0x147c
 .debug_frame   0x00000000       0x98 ..\obj\system_stm32f10x.o
 .debug_frame   0x00000098       0x4c ..\obj\startup_stm32f10x_hd.o
 .debug_frame   0x000000e4      0x2d0 ..\obj\stm32f10x_gpio.o
 .debug_frame   0x000003b4       0x2c ..\obj\main.o
 .debug_frame   0x000003e0       0x2c ..\obj\init.o
 .debug_frame   0x0000040c      0x2d8 ..\obj\printf.o
 .debug_frame   0x000006e4      0x4f4 ..\obj\stm32f10x_rcc.o
 .debug_frame   0x00000bd8       0xa8 ..\obj\StreamParser.o
 .debug_frame   0x00000c80      0x490 ..\obj\stm32f10x_usart.o
 .debug_frame   0x00001110      0x118 ..\obj\datalink.o
 .debug_frame   0x00001228       0xd8 ..\obj\misc.o
 .debug_frame   0x00001300      0x17c ..\obj\usart.o
